{
  "@ax/apax-build": {
    "version": "0.5.0",
    "resolved": "https://apax-prod-734703289705.d.codeartifact.eu-central-1.amazonaws.com:443/npm/ax/@ax/apax-build/-/apax-build-0.5.0.tgz",
    "integrity": "sha512-6p9iZQfpmngx38r4p6XaVVPeEQzTt3UJcywsRSeVBnES6tx1pTVLM20K0RczqRYZmXbyNpz9effPxpvj5L/jKA==",
    "dependencies": {
      "@ax/third-party-licenses-apax-build": "0.5.0"
    }
  },
  "@ax/axunit": {
    "version": "2.0.8",
    "resolved": "https://apax-prod-734703289705.d.codeartifact.eu-central-1.amazonaws.com:443/npm/ax/@ax/axunit/-/axunit-2.0.8.tgz",
    "integrity": "sha512-pRM+X++jrS2n/dwBJBuyTtVAL0aQxrYjhbk7Xw3IdpT0aIX4L1DF8S+ftrt6V06HpcatgKhCttOSnpR8nECNzQ==",
    "dependencies": {
      "@ax/axunit-docs": "2.0.8",
      "@ax/axunit-library": "2.0.8",
      "@ax/axunit-llvm-runner-gen": "2.0.8",
      "@ax/axunit-runner-llvm": "2.0.8",
      "@ax/axunit-runner-mc7plus": "2.0.8",
      "@ax/build-native": "10.1.1",
      "@ax/target-axunit": "2.0.8",
      "@ax/third-party-licenses-testingframework": "2.0.8"
    }
  },
  "@ax/axunit-docs": {
    "version": "2.0.8",
    "resolved": "https://apax-prod-734703289705.d.codeartifact.eu-central-1.amazonaws.com:443/npm/ax/@ax/axunit-docs/-/axunit-docs-2.0.8.tgz",
    "integrity": "sha512-uY9BbmqbvIOdBlAs7RYrFJH85R1/hsbZ248/NrdeFMdqToJPkQkjERENlXfN+Iz6+HjM60+D3Lz1MqVY6v69OA==",
    "dependencies": {
      "@ax/third-party-licenses-testingframework": "2.0.8"
    }
  },
  "@ax/axunit-library": {
    "version": "2.0.8",
    "resolved": "https://apax-prod-734703289705.d.codeartifact.eu-central-1.amazonaws.com:443/npm/ax/@ax/axunit-library/-/axunit-library-2.0.8.tgz",
    "integrity": "sha512-6yVIj8gXTHx4YVTxBYXqJ3q38N0KZe0GXnpyA1xXIapvjFT6Rm1S4WqylYng8M4cgsRfEMRGkzq2HSeIlqUzwQ==",
    "dependencies": {
      "@ax/third-party-licenses-testingframework": "2.0.8"
    }
  },
  "@ax/axunit-llvm-runner-gen": {
    "version": "2.0.8",
    "resolved": "https://apax-prod-734703289705.d.codeartifact.eu-central-1.amazonaws.com:443/npm/ax/@ax/axunit-llvm-runner-gen/-/axunit-llvm-runner-gen-2.0.8.tgz",
    "integrity": "sha512-CLLqMBSrCCVJwSnP4fvBYC2i18rpcRFbblVzkyU1ITPqaIJXFVjz21jYiaZO5nJnq0FMsOS1U9hhMxAEV4OgYw==",
    "dependencies": {
      "@ax/third-party-licenses-testingframework": "2.0.8"
    }
  },
  "@ax/axunit-runner-llvm": {
    "version": "2.0.8",
    "resolved": "https://apax-prod-734703289705.d.codeartifact.eu-central-1.amazonaws.com:443/npm/ax/@ax/axunit-runner-llvm/-/axunit-runner-llvm-2.0.8.tgz",
    "integrity": "sha512-3NUAtjSQymxtQejhgTp8Psr3S46VFpo6Rp9/8dO2pAU4WST57/LlVkHmWixBUlwYJH7wkZrbylpqirg9Hde6/A==",
    "dependencies": {
      "@ax/axunit-runner-llvm-linux-x64": "2.0.8",
      "@ax/axunit-runner-llvm-win-x64": "2.0.8",
      "@ax/third-party-licenses-testingframework": "2.0.8"
    }
  },
  "@ax/axunit-runner-llvm-linux-x64": {
    "version": "2.0.8",
    "resolved": "https://apax-prod-734703289705.d.codeartifact.eu-central-1.amazonaws.com:443/npm/ax/@ax/axunit-runner-llvm-linux-x64/-/axunit-runner-llvm-linux-x64-2.0.8.tgz",
    "integrity": "sha512-DHC0poRVuAMjrJPEnkyOhVFY43IvSswj4hakis61lKsmre7bffb5GigU5/t0u4oSdvN59DMu8i+iHujECpOS0Q==",
    "os": [
      "linux"
    ],
    "cpu": [
      "x64"
    ],
    "dependencies": {
      "@ax/third-party-licenses-testingframework": "2.0.8"
    }
  },
  "@ax/axunit-runner-llvm-win-x64": {
    "version": "2.0.8",
    "resolved": "https://apax-prod-734703289705.d.codeartifact.eu-central-1.amazonaws.com:443/npm/ax/@ax/axunit-runner-llvm-win-x64/-/axunit-runner-llvm-win-x64-2.0.8.tgz",
    "integrity": "sha512-nso1/ZZW01aPl1J/yanwrTINXKgvSqVEnf7szJ4I+LyL7Jnaa2Gvs+3xFYBdwjL3bEVZdgpC8a3X2rqksgPp3A==",
    "os": [
      "win32"
    ],
    "cpu": [
      "x64"
    ],
    "dependencies": {
      "@ax/third-party-licenses-testingframework": "2.0.8"
    }
  },
  "@ax/axunit-runner-mc7plus": {
    "version": "2.0.8",
    "resolved": "https://apax-prod-734703289705.d.codeartifact.eu-central-1.amazonaws.com:443/npm/ax/@ax/axunit-runner-mc7plus/-/axunit-runner-mc7plus-2.0.8.tgz",
    "integrity": "sha512-76hxe36fRIymUPQwTfRP4oTtH8yDioxt+TrGRKftrHchWEkR2dy6yncrJAp6Myo6dTwL+25tBWaXUrJ7tDXx3Q==",
    "dependencies": {
      "@ax/axunit-runner-mc7plus-win-x64": "2.0.8",
      "@ax/third-party-licenses-testingframework": "2.0.8"
    }
  },
  "@ax/axunit-runner-mc7plus-win-x64": {
    "version": "2.0.8",
    "resolved": "https://apax-prod-734703289705.d.codeartifact.eu-central-1.amazonaws.com:443/npm/ax/@ax/axunit-runner-mc7plus-win-x64/-/axunit-runner-mc7plus-win-x64-2.0.8.tgz",
    "integrity": "sha512-FRBFUWePIwIfy7st7pUs40L9M3CkC4HoA9kKbC19gpYuhA0K7PQNZn0rDiWeL7GpD3JSjZNomAZFtZN80sM5dw==",
    "os": [
      "win32"
    ],
    "cpu": [
      "x64"
    ],
    "dependencies": {
      "@ax/third-party-licenses-testingframework": "2.0.8"
    }
  },
  "@ax/build-native": {
    "version": "10.1.1",
    "resolved": "https://apax-prod-734703289705.d.codeartifact.eu-central-1.amazonaws.com:443/npm/ax/@ax/build-native/-/build-native-10.1.1.tgz",
    "integrity": "sha512-C1Pwo0dMa21gV1CbqT9umaurHPY4otd8dvlx7zVOlXfEmbgACort5u3K7TeWMNSLdsuBvfkivxrZNWsOkHTtAQ==",
    "dependencies": {
      "@ax/build-native-linux": "10.1.1",
      "@ax/build-native-winx64": "10.1.1",
      "@ax/third-party-licenses-build-native": "10.1.1"
    }
  },
  "@ax/build-native-linux": {
    "version": "10.1.1",
    "resolved": "https://apax-prod-734703289705.d.codeartifact.eu-central-1.amazonaws.com:443/npm/ax/@ax/build-native-linux/-/build-native-linux-10.1.1.tgz",
    "integrity": "sha512-dNNWZGLl8+CtHvojcU+7c3bLFKehkzulrpDdmxzRGq2cb1GwokoNPUBRqB0yQtbW0pTJkXvUAuI9qf8T48PTew==",
    "os": [
      "linux"
    ],
    "cpu": [
      "x64"
    ],
    "dependencies": {
      "@ax/third-party-licenses-build-native": "10.1.1"
    }
  },
  "@ax/build-native-winx64": {
    "version": "10.1.1",
    "resolved": "https://apax-prod-734703289705.d.codeartifact.eu-central-1.amazonaws.com:443/npm/ax/@ax/build-native-winx64/-/build-native-winx64-10.1.1.tgz",
    "integrity": "sha512-kZnFeTxt+GoVeo+IXTqlGMRLt5iwwtSdpXpyPdyM5DAOAafU2pyBrl7ZkR8SOtwbTG7eXxGrHo5w/rMmhHLZkA==",
    "os": [
      "win32"
    ],
    "cpu": [
      "x64"
    ],
    "dependencies": {
      "@ax/third-party-licenses-build-native": "10.1.1"
    }
  },
  "@ax/diag": {
    "version": "0.17.4",
    "resolved": "https://apax-prod-734703289705.d.codeartifact.eu-central-1.amazonaws.com:443/npm/ax/@ax/diag/-/diag-0.17.4.tgz",
    "integrity": "sha512-Z3RNRXWsJgP2DiGR5ed/MxuW9Tt92skjAYZBfHHOR8ni9obNbYG2Uh9Fma9ZrSmU7s+cFfVGyPPvurnPJhQwAg==",
    "dependencies": {
      "@ax/diag-linux-x64": "0.17.4",
      "@ax/diag-win-x64": "0.17.4",
      "@ax/third-party-licenses-monitor": "0.17.4"
    }
  },
  "@ax/diag-linux-x64": {
    "version": "0.17.4",
    "resolved": "https://apax-prod-734703289705.d.codeartifact.eu-central-1.amazonaws.com:443/npm/ax/@ax/diag-linux-x64/-/diag-linux-x64-0.17.4.tgz",
    "integrity": "sha512-xXyMhNxLENo8nL4IkQPw2c3w/hroSJMNcYCWNeinu3aLoOMup+i09evJNALYFkMT7sUo2FYqOURIz5O34sn/kw==",
    "os": [
      "linux"
    ],
    "cpu": [
      "x64"
    ],
    "dependencies": {
      "@ax/third-party-licenses-monitor": "0.17.4"
    }
  },
  "@ax/diag-win-x64": {
    "version": "0.17.4",
    "resolved": "https://apax-prod-734703289705.d.codeartifact.eu-central-1.amazonaws.com:443/npm/ax/@ax/diag-win-x64/-/diag-win-x64-0.17.4.tgz",
    "integrity": "sha512-HopU/QUggN2sUqMqrqhN11K5VMu1z25VPE5ChDbZpqqDkT0hjpx1+tQqP9pwryDgOL+QwQHG5/D1dEW2RGec+w==",
    "os": [
      "win32"
    ],
    "cpu": [
      "x64"
    ],
    "dependencies": {
      "@ax/third-party-licenses-monitor": "0.17.4"
    }
  },
  "@ax/mod": {
    "version": "0.17.4",
    "resolved": "https://apax-prod-734703289705.d.codeartifact.eu-central-1.amazonaws.com:443/npm/ax/@ax/mod/-/mod-0.17.4.tgz",
    "integrity": "sha512-DBrN+0PB93BiZJ9v+LFtZt9p3k16yujJ21g3nYRGbbxlRvBaoVX36mxpn0HPGec8U1AQi7v7l2yy5UcSt3DHxA==",
    "dependencies": {
      "@ax/mod-linux-x64": "0.17.4",
      "@ax/mod-win-x64": "0.17.4",
      "@ax/third-party-licenses-monitor": "0.17.4"
    }
  },
  "@ax/mod-linux-x64": {
    "version": "0.17.4",
    "resolved": "https://apax-prod-734703289705.d.codeartifact.eu-central-1.amazonaws.com:443/npm/ax/@ax/mod-linux-x64/-/mod-linux-x64-0.17.4.tgz",
    "integrity": "sha512-CofHcxm9nusmMBIRej2OE6uvPFx3b2Q2pPC2hP6tuESqrfn5ZGRuI1es0AUPXaHZD01konfQ/w5a6FOkOS+cyg==",
    "os": [
      "linux"
    ],
    "cpu": [
      "x64"
    ],
    "dependencies": {
      "@ax/third-party-licenses-monitor": "0.17.4"
    }
  },
  "@ax/mod-win-x64": {
    "version": "0.17.4",
    "resolved": "https://apax-prod-734703289705.d.codeartifact.eu-central-1.amazonaws.com:443/npm/ax/@ax/mod-win-x64/-/mod-win-x64-0.17.4.tgz",
    "integrity": "sha512-K1M0BG/RRJFFfCk6SbseFsc7eaDl0/mWiQWvRBvJy6Nda7JjcyOpOJJJo2ENExj0dm6Iw1WP6b1JyZBJPhbKuQ==",
    "os": [
      "win32"
    ],
    "cpu": [
      "x64"
    ],
    "dependencies": {
      "@ax/third-party-licenses-monitor": "0.17.4"
    }
  },
  "@ax/mon": {
    "version": "0.17.4",
    "resolved": "https://apax-prod-734703289705.d.codeartifact.eu-central-1.amazonaws.com:443/npm/ax/@ax/mon/-/mon-0.17.4.tgz",
    "integrity": "sha512-V2gtbf36wOiFPnHOTeXlmRpWlkXO33pO4cQ4UZlarhAVnv6+AzvolC0joBDH8NsE1uk9wK349+T283gaC991aw==",
    "dependencies": {
      "@ax/mon-linux-x64": "0.17.4",
      "@ax/mon-win-x64": "0.17.4",
      "@ax/third-party-licenses-monitor": "0.17.4"
    }
  },
  "@ax/mon-linux-x64": {
    "version": "0.17.4",
    "resolved": "https://apax-prod-734703289705.d.codeartifact.eu-central-1.amazonaws.com:443/npm/ax/@ax/mon-linux-x64/-/mon-linux-x64-0.17.4.tgz",
    "integrity": "sha512-NC5nPFdAyvCtjjtDnyYd23oSwMHR9NT3yLJhTLTo0oH+FM58zurDs2CygdkWZIX12aNEhsSJE0lMpJ6RaldiBQ==",
    "os": [
      "linux"
    ],
    "cpu": [
      "x64"
    ],
    "dependencies": {
      "@ax/third-party-licenses-monitor": "0.17.4"
    }
  },
  "@ax/mon-win-x64": {
    "version": "0.17.4",
    "resolved": "https://apax-prod-734703289705.d.codeartifact.eu-central-1.amazonaws.com:443/npm/ax/@ax/mon-win-x64/-/mon-win-x64-0.17.4.tgz",
    "integrity": "sha512-R3u02RGnQf3AEo0cicefdwSY/UIKlg9WepPiFuYNf4jq15Pv2dUtZbkFa+5nB8hmOdYDdj1RgbRcsSuLV0SWJw==",
    "os": [
      "win32"
    ],
    "cpu": [
      "x64"
    ],
    "dependencies": {
      "@ax/third-party-licenses-monitor": "0.17.4"
    }
  },
  "@ax/sdb": {
    "version": "0.17.4",
    "resolved": "https://apax-prod-734703289705.d.codeartifact.eu-central-1.amazonaws.com:443/npm/ax/@ax/sdb/-/sdb-0.17.4.tgz",
    "integrity": "sha512-uuX4XonmzE3EUHZFxJpqg/oW/hRh260oE3I9s9C1b6LhENfY4M4w/4RWQclwy8kEMAZNJAmLu8mph3wjFPbcqg==",
    "dependencies": {
      "@ax/sdb-linux-x64": "0.17.4",
      "@ax/sdb-win-x64": "0.17.4",
      "@ax/third-party-licenses-monitor": "0.17.4"
    }
  },
  "@ax/sdb-linux-x64": {
    "version": "0.17.4",
    "resolved": "https://apax-prod-734703289705.d.codeartifact.eu-central-1.amazonaws.com:443/npm/ax/@ax/sdb-linux-x64/-/sdb-linux-x64-0.17.4.tgz",
    "integrity": "sha512-Z968H7WATjAW35mItoV+LGWFo236gWwlJ5xzii0TXsiRAbbCr14MiTnObDZr3lGUKqe0hUwm3xOTj1hCUcFVrA==",
    "os": [
      "linux"
    ],
    "cpu": [
      "x64"
    ],
    "dependencies": {
      "@ax/third-party-licenses-monitor": "0.17.4"
    }
  },
  "@ax/sdb-win-x64": {
    "version": "0.17.4",
    "resolved": "https://apax-prod-734703289705.d.codeartifact.eu-central-1.amazonaws.com:443/npm/ax/@ax/sdb-win-x64/-/sdb-win-x64-0.17.4.tgz",
    "integrity": "sha512-SubrVGW/1JY5pZ+2UIgGuJSduDlXXRCL5vFyhGPS7J+RMki2TJCiEMMorxwbAdzUymv9uqTPbvMzQbE17y3XGQ==",
    "os": [
      "win32"
    ],
    "cpu": [
      "x64"
    ],
    "dependencies": {
      "@ax/third-party-licenses-monitor": "0.17.4"
    }
  },
  "@ax/sdk": {
    "version": "3.0.2",
    "resolved": "https://apax-prod-734703289705.d.codeartifact.eu-central-1.amazonaws.com:443/npm/ax/@ax/sdk/-/sdk-3.0.2.tgz",
    "integrity": "sha512-frtVc5Ohp5GT49Xurm17EsAYGN6janqLJQ316Ip20Y62/ibmntVNgA0fpmCv6H+Ht+IXefjTyCV9Q3I2siXG6Q==",
    "dependencies": {
      "@ax/axunit": "2.0.8",
      "@ax/diag": "0.17.4",
      "@ax/mod": "0.17.4",
      "@ax/mon": "0.17.4",
      "@ax/sdb": "0.17.4",
      "@ax/sld": "0.12.1",
      "@ax/st": "3.0.2",
      "@ax/target-llvm": "4.1.6",
      "@ax/target-mc7plus": "4.1.6"
    }
  },
  "@ax/sld": {
    "version": "0.12.1",
    "resolved": "https://apax-prod-734703289705.d.codeartifact.eu-central-1.amazonaws.com:443/npm/ax/@ax/sld/-/sld-0.12.1.tgz",
    "integrity": "sha512-9FqP80QhgOjgPEEiVXZBFdemPFIW76XZg7MHylijyGYT4x5vLq2dRa59Hx8zMEPRS5jJVcOrJ5lnQpGZCDJrDQ==",
    "dependencies": {
      "@ax/sld-linux-x64": "0.12.1",
      "@ax/sld-win-x64": "0.12.1",
      "@ax/third-party-licenses-plc-loader": "0.12.1"
    }
  },
  "@ax/sld-linux-x64": {
    "version": "0.12.1",
    "resolved": "https://apax-prod-734703289705.d.codeartifact.eu-central-1.amazonaws.com:443/npm/ax/@ax/sld-linux-x64/-/sld-linux-x64-0.12.1.tgz",
    "integrity": "sha512-NeacGQ4xptssaq6SVYqOd3w5su3c0pz+ceRbaBiCk1GgHDXIrsw6I6v6QLeza8P/u688L9q0/8RY4A+JP8+dLA==",
    "os": [
      "linux"
    ],
    "cpu": [
      "x64"
    ],
    "dependencies": {
      "@ax/third-party-licenses-plc-loader": "0.12.1"
    }
  },
  "@ax/sld-win-x64": {
    "version": "0.12.1",
    "resolved": "https://apax-prod-734703289705.d.codeartifact.eu-central-1.amazonaws.com:443/npm/ax/@ax/sld-win-x64/-/sld-win-x64-0.12.1.tgz",
    "integrity": "sha512-8Ou2iEPE1M3JgUmG1ttn8LHoDwZwcKxiZyTIsj2gTcoiaUYFP56EAABtjniXQM7x0l39M24RgG4GNHS2AN/wHw==",
    "os": [
      "win32"
    ],
    "cpu": [
      "x64"
    ],
    "dependencies": {
      "@ax/third-party-licenses-plc-loader": "0.12.1"
    }
  },
  "@ax/st": {
    "version": "3.0.2",
    "resolved": "https://apax-prod-734703289705.d.codeartifact.eu-central-1.amazonaws.com:443/npm/ax/@ax/st/-/st-3.0.2.tgz",
    "integrity": "sha512-uDi0fxvMz+12uHxSmBeP4GlnKuAc0WSxVR0muZ/NGn0ULbSILYQfWp+J7L+k6QGf010Os6WzmwszOK3FOcQc+Q==",
    "dependencies": {
      "@ax/apax-build": "0.5.0",
      "@ax/stc": "4.1.6"
    }
  },
  "@ax/st-docs": {
    "version": "4.1.6",
    "resolved": "https://apax-prod-734703289705.d.codeartifact.eu-central-1.amazonaws.com:443/npm/ax/@ax/st-docs/-/st-docs-4.1.6.tgz",
    "integrity": "sha512-7LwS86O52ydoh9avtehEBd4Bm5i9lKNZUZteK/MwpY0GMYNd5Ph2HwS6EmYih+3n95q6joRVBRd62XLVF3abQA==",
    "dependencies": {
      "@ax/third-party-licenses-st-compiler": "4.1.6"
    }
  },
  "@ax/stc": {
    "version": "4.1.6",
    "resolved": "https://apax-prod-734703289705.d.codeartifact.eu-central-1.amazonaws.com:443/npm/ax/@ax/stc/-/stc-4.1.6.tgz",
    "integrity": "sha512-KjqEcqA4+6IpClC5LJq4ZgrrZ1YiCeGc5Un8p6ideRoh4UZtl13EnCiAiZYXxXcu3uP8hylPN80I6AC2e2kipQ==",
    "dependencies": {
      "@ax/stc-linux-x64": "4.1.6",
      "@ax/stc-win-x64": "4.1.6",
      "@ax/third-party-licenses-st-compiler": "4.1.6"
    }
  },
  "@ax/stc-linux-x64": {
    "version": "4.1.6",
    "resolved": "https://apax-prod-734703289705.d.codeartifact.eu-central-1.amazonaws.com:443/npm/ax/@ax/stc-linux-x64/-/stc-linux-x64-4.1.6.tgz",
    "integrity": "sha512-V+deitre/miL6Az96kbXyRg6SXWccq+hcJcWBHPWich7oHu7NpkIeAaFvWDi4KQMdby2+FEh/9/I6Q++NBragw==",
    "os": [
      "linux"
    ],
    "cpu": [
      "x64"
    ],
    "dependencies": {
      "@ax/st-docs": "4.1.6",
      "@ax/third-party-licenses-st-compiler": "4.1.6"
    }
  },
  "@ax/stc-win-x64": {
    "version": "4.1.6",
    "resolved": "https://apax-prod-734703289705.d.codeartifact.eu-central-1.amazonaws.com:443/npm/ax/@ax/stc-win-x64/-/stc-win-x64-4.1.6.tgz",
    "integrity": "sha512-IbeMwRZumkiLkOWegFO+iDw/WdM242jkBsAVx8/SIrEj10WVyv0FiIu11UIBx415kWEEOVNXIC3pwxbgUQZ4VQ==",
    "os": [
      "win32"
    ],
    "cpu": [
      "x64"
    ],
    "dependencies": {
      "@ax/st-docs": "4.1.6",
      "@ax/third-party-licenses-st-compiler": "4.1.6"
    }
  },
  "@ax/target-axunit": {
    "version": "2.0.8",
    "resolved": "https://apax-prod-734703289705.d.codeartifact.eu-central-1.amazonaws.com:443/npm/ax/@ax/target-axunit/-/target-axunit-2.0.8.tgz",
    "integrity": "sha512-aFRPFSR+WN84wFjy9H5EKLh80bb9GbNiCxhuAcD/uEzqS09QWBITfiTFIQVWvnUi/2DUCsNF8Aj+eYntwFAf4A==",
    "dependencies": {
      "@ax/third-party-licenses-testingframework": "2.0.8"
    }
  },
  "@ax/target-llvm": {
    "version": "4.1.6",
    "resolved": "https://apax-prod-734703289705.d.codeartifact.eu-central-1.amazonaws.com:443/npm/ax/@ax/target-llvm/-/target-llvm-4.1.6.tgz",
    "integrity": "sha512-++Ja6l5Nn3ef/S5RlWAzywlk/2M8rGcELZJiOt3BgmGN7KrSCpUzb7SNY9sUDg9HASIKA2ZjCxoqmlnqSfNXxQ==",
    "dependencies": {
      "@ax/target-llvm-linux-x64": "4.1.6",
      "@ax/target-llvm-win-x64": "4.1.6",
      "@ax/third-party-licenses-st-compiler": "4.1.6"
    }
  },
  "@ax/target-llvm-linux-x64": {
    "version": "4.1.6",
    "resolved": "https://apax-prod-734703289705.d.codeartifact.eu-central-1.amazonaws.com:443/npm/ax/@ax/target-llvm-linux-x64/-/target-llvm-linux-x64-4.1.6.tgz",
    "integrity": "sha512-Jd/2VrJk2A7vYfweFzdbnEB3KRm0BZmQgZaLiOHBWzv3FdPlLhRCkuC5my9nPMB3d5YtVP/3somEufHNubRCug==",
    "os": [
      "linux"
    ],
    "cpu": [
      "x64"
    ],
    "dependencies": {
      "@ax/third-party-licenses-st-compiler": "4.1.6"
    }
  },
  "@ax/target-llvm-win-x64": {
    "version": "4.1.6",
    "resolved": "https://apax-prod-734703289705.d.codeartifact.eu-central-1.amazonaws.com:443/npm/ax/@ax/target-llvm-win-x64/-/target-llvm-win-x64-4.1.6.tgz",
    "integrity": "sha512-iNll599705taC2Bin+gfUafVYtpAH7DqN7Gz7N3nUcIWt2DiSv4TOkz1SSULS5SEBRQAYCz3fZnvUdgL7xKbjw==",
    "os": [
      "win32"
    ],
    "cpu": [
      "x64"
    ],
    "dependencies": {
      "@ax/third-party-licenses-st-compiler": "4.1.6"
    }
  },
  "@ax/target-mc7plus": {
    "version": "4.1.6",
    "resolved": "https://apax-prod-734703289705.d.codeartifact.eu-central-1.amazonaws.com:443/npm/ax/@ax/target-mc7plus/-/target-mc7plus-4.1.6.tgz",
    "integrity": "sha512-ZIHBVwcBWe+P59fZHFa8NrLkJFhqV9GOerxodlJhu9G/m2szr+5MEi3nep4vw8r/dZzahx9UqAU/tnXTb8aJGA==",
    "dependencies": {
      "@ax/target-mc7plus-linux-x64": "4.1.6",
      "@ax/target-mc7plus-win-x64": "4.1.6",
      "@ax/third-party-licenses-st-compiler": "4.1.6"
    }
  },
  "@ax/target-mc7plus-linux-x64": {
    "version": "4.1.6",
    "resolved": "https://apax-prod-734703289705.d.codeartifact.eu-central-1.amazonaws.com:443/npm/ax/@ax/target-mc7plus-linux-x64/-/target-mc7plus-linux-x64-4.1.6.tgz",
    "integrity": "sha512-z6iURITvnVBnDFv/ifbDUPrpMmloBhmEfVIIZ+rEzKWxmZ57CWLQSBRGGkiXT+TiF8aRyaqEJmwwdWZxUTNPkA==",
    "os": [
      "linux"
    ],
    "cpu": [
      "x64"
    ],
    "dependencies": {
      "@ax/third-party-licenses-st-compiler": "4.1.6"
    }
  },
  "@ax/target-mc7plus-win-x64": {
    "version": "4.1.6",
    "resolved": "https://apax-prod-734703289705.d.codeartifact.eu-central-1.amazonaws.com:443/npm/ax/@ax/target-mc7plus-win-x64/-/target-mc7plus-win-x64-4.1.6.tgz",
    "integrity": "sha512-wKlitqYXvFvaRnfOG3rUsCY1czOmwkawium+FRBVC0/RU6NrrDORXuOGuJWNriNwntACXrYhzoB/WX5KZZq0/A==",
    "os": [
      "win32"
    ],
    "cpu": [
      "x64"
    ],
    "dependencies": {
      "@ax/third-party-licenses-st-compiler": "4.1.6"
    }
  },
  "@ax/third-party-licenses-apax-build": {
    "version": "0.5.0",
    "resolved": "https://apax-prod-734703289705.d.codeartifact.eu-central-1.amazonaws.com:443/npm/ax/@ax/third-party-licenses-apax-build/-/third-party-licenses-apax-build-0.5.0.tgz",
    "integrity": "sha512-9okNwDaHttbFwcP1Ln/mFN8ARYL1g+ShCtcMm4OE/BYN98nzoTZBEaUdsdbhju4sL4bD6qDBPVvj9o/cwPIL7Q=="
  },
  "@ax/third-party-licenses-build-native": {
    "version": "10.1.1",
    "resolved": "https://apax-prod-734703289705.d.codeartifact.eu-central-1.amazonaws.com:443/npm/ax/@ax/third-party-licenses-build-native/-/third-party-licenses-build-native-10.1.1.tgz",
    "integrity": "sha512-Da+AT0KujH3K9bKf4K4rqPA3Z+a/WDkw9p6328AlrSqgBIUFyUZzOM3eVOwhhjKCnmNAVSmtSp0r7crDFGICTw=="
  },
  "@ax/third-party-licenses-monitor": {
    "version": "0.17.4",
    "resolved": "https://apax-prod-734703289705.d.codeartifact.eu-central-1.amazonaws.com:443/npm/ax/@ax/third-party-licenses-monitor/-/third-party-licenses-monitor-0.17.4.tgz",
    "integrity": "sha512-ac5nbrpOkX0EuaghbQc8G7AZEOow3aTGlNb/jv3P+iBFvdslrpgGFe5wbHnKxPgkt9TaIf/n48Wy/N8IfVdlKg=="
  },
  "@ax/third-party-licenses-plc-loader": {
    "version": "0.12.1",
    "resolved": "https://apax-prod-734703289705.d.codeartifact.eu-central-1.amazonaws.com:443/npm/ax/@ax/third-party-licenses-plc-loader/-/third-party-licenses-plc-loader-0.12.1.tgz",
    "integrity": "sha512-6KmsG+8fwmbR7WwEOpaTu/87vvTMMun1g/PcPJQoTUTSAf0fxrDvNmIHYRSIp2gVpt/6v/mryDfIKAnvvSt91g=="
  },
  "@ax/third-party-licenses-st-compiler": {
    "version": "4.1.6",
    "resolved": "https://apax-prod-734703289705.d.codeartifact.eu-central-1.amazonaws.com:443/npm/ax/@ax/third-party-licenses-st-compiler/-/third-party-licenses-st-compiler-4.1.6.tgz",
    "integrity": "sha512-rsbijfgPOvWe+NUsD/6D+/uI6b+gZC8vYW0/xLaorKcN2yOkz4dq1VL7Ighz163BjwRlKDNos9Au4Ao1vmG+pA=="
  },
  "@ax/third-party-licenses-testingframework": {
    "version": "2.0.8",
    "resolved": "https://apax-prod-734703289705.d.codeartifact.eu-central-1.amazonaws.com:443/npm/ax/@ax/third-party-licenses-testingframework/-/third-party-licenses-testingframework-2.0.8.tgz",
    "integrity": "sha512-pKjnmI18dCvDqM/o6xxTzKqAdF5KIo/pje1JkoZP64BIf5LAwz84NsmDFB1jlmlo3nv3arhSe7aKK9jhjYZAvw=="
  }
}
